[INFO] [launch]: All log files can be found below /home/avis/.ros/log/2026-05-28-17-37-27-241866-avis-27391
[INFO] [launch]: Default logging verbosity is set to INFO
[INFO] [gazebo-1]: process started with pid [27412]
[INFO] [parameter_bridge-2]: process started with pid [27414]
[INFO] [parameter_bridge-3]: process started with pid [27415]
[INFO] [parameter_bridge-4]: process started with pid [27416]
[INFO] [odom_offsetter-5]: process started with pid [27417]
[INFO] [coordinator-6]: process started with pid [27418]
[INFO] [target_publisher-7]: process started with pid [27419]
[INFO] [simple_goal_follower-8]: process started with pid [27420]
[INFO] [metrics_logger-9]: process started with pid [27421]
[parameter_bridge-2] [WARN] [1779964647.415844025] [rcl]: ROS_LOCALHOST_ONLY is deprecated but still honored if it is enabled. Use ROS_AUTOMATIC_DISCOVERY_RANGE and ROS_STATIC_PEERS instead.
[parameter_bridge-2] [WARN] [1779964647.415858147] [rcl]: 'localhost_only' is disabled, 'automatic_discovery_range' and 'static_peers' will be used.
[parameter_bridge-3] [WARN] [1779964647.416069624] [rcl]: ROS_LOCALHOST_ONLY is deprecated but still honored if it is enabled. Use ROS_AUTOMATIC_DISCOVERY_RANGE and ROS_STATIC_PEERS instead.
[parameter_bridge-3] [WARN] [1779964647.416078903] [rcl]: 'localhost_only' is disabled, 'automatic_discovery_range' and 'static_peers' will be used.
[parameter_bridge-4] [WARN] [1779964647.416276555] [rcl]: ROS_LOCALHOST_ONLY is deprecated but still honored if it is enabled. Use ROS_AUTOMATIC_DISCOVERY_RANGE and ROS_STATIC_PEERS instead.
[parameter_bridge-4] [WARN] [1779964647.416284881] [rcl]: 'localhost_only' is disabled, 'automatic_discovery_range' and 'static_peers' will be used.
[parameter_bridge-2] [INFO] [1779964647.437206321] [clock_bridge]: Creating GZ->ROS Bridge: [/clock (gz.msgs.Clock) -> /clock (rosgraph_msgs/msg/Clock)] (Lazy 0)
[parameter_bridge-4] [INFO] [1779964647.437206334] [robot2_bridge]: Creating GZ->ROS Bridge: [/robot2/cmd_vel (gz.msgs.Twist) -> /robot2/cmd_vel (geometry_msgs/msg/Twist)] (Lazy 0)
[parameter_bridge-3] [INFO] [1779964647.437216936] [robot1_bridge]: Creating GZ->ROS Bridge: [/robot1/cmd_vel (gz.msgs.Twist) -> /robot1/cmd_vel (geometry_msgs/msg/Twist)] (Lazy 0)
[parameter_bridge-3] [INFO] [1779964647.438440679] [robot1_bridge]: Creating ROS->GZ Bridge: [/robot1/cmd_vel (geometry_msgs/msg/Twist) -> /robot1/cmd_vel (gz.msgs.Twist)] (Lazy 0)
[parameter_bridge-4] [INFO] [1779964647.438442552] [robot2_bridge]: Creating ROS->GZ Bridge: [/robot2/cmd_vel (geometry_msgs/msg/Twist) -> /robot2/cmd_vel (gz.msgs.Twist)] (Lazy 0)
[parameter_bridge-3] [INFO] [1779964647.438938481] [robot1_bridge]: Creating GZ->ROS Bridge: [/robot1/odom_raw (gz.msgs.Odometry) -> /robot1/odom_raw (nav_msgs/msg/Odometry)] (Lazy 0)
[parameter_bridge-4] [INFO] [1779964647.438938831] [robot2_bridge]: Creating GZ->ROS Bridge: [/robot2/odom_raw (gz.msgs.Odometry) -> /robot2/odom_raw (nav_msgs/msg/Odometry)] (Lazy 0)
[parameter_bridge-3] [INFO] [1779964647.439949591] [robot1_bridge]: Creating ROS->GZ Bridge: [/robot1/odom_raw (nav_msgs/msg/Odometry) -> /robot1/odom_raw (gz.msgs.Odometry)] (Lazy 0)
[parameter_bridge-4] [INFO] [1779964647.439949140] [robot2_bridge]: Creating ROS->GZ Bridge: [/robot2/odom_raw (nav_msgs/msg/Odometry) -> /robot2/odom_raw (gz.msgs.Odometry)] (Lazy 0)
[odom_offsetter-5] [WARN] [1779964647.508076416] [rcl]: ROS_LOCALHOST_ONLY is deprecated but still honored if it is enabled. Use ROS_AUTOMATIC_DISCOVERY_RANGE and ROS_STATIC_PEERS instead.
[odom_offsetter-5] [WARN] [1779964647.508084496] [rcl]: 'localhost_only' is disabled, 'automatic_discovery_range' and 'static_peers' will be used.
[target_publisher-7] [WARN] [1779964647.542764819] [rcl]: ROS_LOCALHOST_ONLY is deprecated but still honored if it is enabled. Use ROS_AUTOMATIC_DISCOVERY_RANGE and ROS_STATIC_PEERS instead.
[target_publisher-7] [WARN] [1779964647.542771592] [rcl]: 'localhost_only' is disabled, 'automatic_discovery_range' and 'static_peers' will be used.
[simple_goal_follower-8] [WARN] [1779964647.547541747] [rcl]: ROS_LOCALHOST_ONLY is deprecated but still honored if it is enabled. Use ROS_AUTOMATIC_DISCOVERY_RANGE and ROS_STATIC_PEERS instead.
[simple_goal_follower-8] [WARN] [1779964647.547547072] [rcl]: 'localhost_only' is disabled, 'automatic_discovery_range' and 'static_peers' will be used.
[metrics_logger-9] [WARN] [1779964647.564057905] [rcl]: ROS_LOCALHOST_ONLY is deprecated but still honored if it is enabled. Use ROS_AUTOMATIC_DISCOVERY_RANGE and ROS_STATIC_PEERS instead.
[metrics_logger-9] [WARN] [1779964647.564064995] [rcl]: 'localhost_only' is disabled, 'automatic_discovery_range' and 'static_peers' will be used.
[coordinator-6] [WARN] [1779964647.564159716] [rcl]: ROS_LOCALHOST_ONLY is deprecated but still honored if it is enabled. Use ROS_AUTOMATIC_DISCOVERY_RANGE and ROS_STATIC_PEERS instead.
[coordinator-6] [WARN] [1779964647.564163879] [rcl]: 'localhost_only' is disabled, 'automatic_discovery_range' and 'static_peers' will be used.
[metrics_logger-9] [INFO] [1779964647.598873987] [metrics_logger]: Writing metrics to /home/avis/Downloads/HA_paper/tb4-sim/metrics/paper_sim_trials/20260528_173405/r03_t04_lower_diag
[coordinator-6] [INFO] [1779964647.599178241] [paper_swarm_coordinator]: Coordinator ready for robot1, robot2
[parameter_bridge-3] [INFO] [1779964649.692988393] [robot1_bridge]: Passing message from ROS geometry_msgs/msg/Twist to Gazebo gz.msgs.Twist (showing msg only once per type)
[parameter_bridge-4] [INFO] [1779964649.693004830] [robot2_bridge]: Passing message from ROS geometry_msgs/msg/Twist to Gazebo gz.msgs.Twist (showing msg only once per type)
[WARNING] [launch]: user interrupted with ctrl-c (SIGINT)
[INFO] [metrics_logger-9]: sending signal 'SIGINT' to process[metrics_logger-9]
[INFO] [simple_goal_follower-8]: sending signal 'SIGINT' to process[simple_goal_follower-8]
[INFO] [target_publisher-7]: sending signal 'SIGINT' to process[target_publisher-7]
[INFO] [coordinator-6]: sending signal 'SIGINT' to process[coordinator-6]
[INFO] [odom_offsetter-5]: sending signal 'SIGINT' to process[odom_offsetter-5]
[INFO] [parameter_bridge-4]: sending signal 'SIGINT' to process[parameter_bridge-4]
[INFO] [parameter_bridge-3]: sending signal 'SIGINT' to process[parameter_bridge-3]
[INFO] [parameter_bridge-2]: sending signal 'SIGINT' to process[parameter_bridge-2]
[INFO] [gazebo-1]: sending signal 'SIGINT' to process[gazebo-1]
[parameter_bridge-4] [INFO] [1779964655.856148455] [rclcpp]: signal_handler(SIGINT/SIGTERM)
[parameter_bridge-3] [INFO] [1779964655.856405746] [rclcpp]: signal_handler(SIGINT/SIGTERM)
[parameter_bridge-2] [INFO] [1779964655.856704838] [rclcpp]: signal_handler(SIGINT/SIGTERM)
[INFO] [parameter_bridge-4]: process has finished cleanly [pid 27416]
[INFO] [parameter_bridge-3]: process has finished cleanly [pid 27415]
[INFO] [parameter_bridge-2]: process has finished cleanly [pid 27414]
[INFO] [target_publisher-7]: process has finished cleanly [pid 27419]
[INFO] [simple_goal_follower-8]: process has finished cleanly [pid 27420]
[INFO] [coordinator-6]: process has finished cleanly [pid 27418]
[INFO] [odom_offsetter-5]: process has finished cleanly [pid 27417]
[INFO] [metrics_logger-9]: process has finished cleanly [pid 27421]
[ERROR] [gazebo-1]: process[gazebo-1] failed to terminate '5' seconds after receiving 'SIGINT', escalating to 'SIGTERM'
[INFO] [gazebo-1]: sending signal 'SIGTERM' to process[gazebo-1]
[ERROR] [gazebo-1]: process has died [pid 27412, exit code -15, cmd 'ruby /opt/ros/jazzy/opt/gz_tools_vendor/bin/gz sim /home/avis/Downloads/HA_paper/tb4-sim/install/paper_tb4_swarm/share/paper_tb4_swarm/worlds/two_tb4_stable.sdf -r -s -v 1 --force-version 8'].
